// Vitest Snapshot v1, https://vitest.dev/guide/snapshot.html

exports[`Typography regression — headline class strings > [home] hero eyebrow 1`] = `"whitespace-nowrap truncate"`;

exports[`Typography regression — headline class strings > [home] hero h1 1`] = `"hero-h1 serif mt-5 md:mt-8 text-[2.05rem] sm:text-[2.7rem] md:text-[4rem] lg:text-[4.6rem] leading-[1.1] sm:leading-[1.04] md:leading-[1.0] tracking-[-0.02em] text-[color:var(--ivory)] text-left opacity-0 animate-[heroFade_0.9s_ease-out_0.25s_forwards] [text-shadow:0_2px_18px_rgba(0,0,0,0.35)]"`;

exports[`Typography regression — headline class strings > [home] hero h1 line 2 (italic gold) 1`] = `"block italic font-normal text-[color:var(--gold-soft)] mt-1 md:mt-1.5 text-[2.05rem] sm:text-[2.7rem] md:text-[4rem] lg:text-[4.6rem] tracking-[-0.024em] leading-[1.1] sm:leading-[1.04] md:leading-[1.0]"`;

exports[`Typography regression — headline class strings > [home] hero microcopy 1`] = `"text-[14px] md:text-[14.5px] text-[color:var(--ivory)] leading-[1.65] md:leading-[1.7] font-normal tracking-[0.005em] text-center sm:text-left"`;

exports[`Typography regression — headline class strings > [home] hero subheadline 1`] = `"mt-5 md:mt-7 text-[15.5px] md:text-[19px] text-[color:var(--ivory)]/95 max-w-md md:max-w-lg leading-[1.6] md:leading-[1.65] font-normal text-left opacity-0 animate-[heroFade_0.9s_ease-out_0.45s_forwards] [text-shadow:0_1px_8px_rgba(0,0,0,0.3)]"`;

exports[`Typography regression — headline class strings > [multi-day] hero h1 1`] = `"font-display font-bold text-[2.4rem] md:text-[3.6rem] leading-[1.05] mt-5 text-[color:var(--charcoal)]"`;

exports[`Typography regression — headline class strings > [multi-day] hero subhead 1`] = `"mt-6 text-[1rem] md:text-[1.1rem] text-[color:var(--charcoal-soft)] leading-relaxed"`;

exports[`Typography regression — headline class strings > [proposals] hero h1 1`] = `"font-display font-bold text-[2.4rem] md:text-[3.6rem] leading-[1.05] mt-5 text-[color:var(--charcoal)]"`;

exports[`Typography regression — headline class strings > [proposals] hero subhead 1`] = `"mt-6 text-[1rem] md:text-[1.1rem] text-[color:var(--charcoal-soft)] leading-relaxed"`;

exports[`Typography regression — token rules from styles.css > token .hero-h1 1`] = `
"base: letter-spacing: -0.012em; line-height: 1.08;
base: letter-spacing: -0.014em; line-height: 1.04;
base: letter-spacing: -0.018em; line-height: 1.14;
base: letter-spacing: -0.022em; line-height: 1.1;"
`;

exports[`Typography regression — token rules from styles.css > token .t-display 1`] = `
"base: font-family: var(--font-display); font-weight: 700; font-size: 2.25rem; /* 36px mobile — within 32–36 hero band */ line-height: 1.06; letter-spacing: -0.022em;
base: font-size: 4rem;
base: font-size: 4.75rem; line-height: 0.98;"
`;

exports[`Typography regression — token rules from styles.css > token .t-eyebrow 1`] = `"base: font-family: var(--font-sans); font-size: 11px; line-height: 1; letter-spacing: 0.28em; text-transform: uppercase; color: var(--charcoal-soft);"`;

exports[`Typography regression — token rules from styles.css > token .t-h1 1`] = `
"base: font-family: var(--font-display); font-weight: 700; font-size: 2rem; /* 32px mobile — Builder/anchor sections (within 30–34 band) */ line-height: 1.1; letter-spacing: -0.018em;
base: font-size: 3.75rem; /* 60px tablet+ */ line-height: 1.04;"
`;

exports[`Typography regression — token rules from styles.css > token .t-h2 1`] = `
"base: font-family: var(--font-display); font-weight: 700; font-size: 1.78rem; /* ~28.5px mobile */ line-height: 1.18; letter-spacing: -0.014em;
base: font-size: 2.25rem; /* 36px tablet+ */ line-height: 1.1;"
`;

exports[`Typography regression — token rules from styles.css > token .t-h3 1`] = `
"base: font-family: var(--font-display); font-weight: 600; font-size: 1.47rem; /* ~23.5px mobile */ line-height: 1.22; letter-spacing: -0.012em;
base: font-size: 1.75rem; /* 28px tablet+ */ line-height: 1.18;"
`;

exports[`Typography regression — token rules from styles.css > token .t-lead 1`] = `
"base: font-family: var(--font-sans); font-size: 16px; line-height: 1.7; font-weight: 400; color: var(--charcoal);
base: font-size: 17px;"
`;
